# test_hosts.lst
#
# regression test data file for testing the gethostent function

ykjomrrsng
uancrvxwbo::UA,SW,PA,GV
uzpiiltdrn
zybolclnqb
vrfwxcntly::HV,SP,AH,VT
avgrrvakrz:52112
zvhwuxhwqn:63010
umvrtxavdi:55098
crnvqfrhbi:12072
daoebzjkwj::GM,TY,OF,EH
gyagdosptw:23932:UQ,HC,RT,RK

#
# Example comment before tqusufqhkr
tqusufqhkr::RB,RF,CA,GI

#
# Example comment before vbtabafapr
vbtabafapr:7724:RK,IN,WU,WB

#
# Example comment before rynxwjakne
rynxwjakne:49233:FG,LY,TZ,DT
covbdcsank
jarywbxada::WW,XB,ZZ,JM
lfevfathoh:53408

#
# Example comment before tvkelfbqxy
tvkelfbqxy
cboprtsvad
hvzxjsiwki:54574:WZ,ZC,ZP,MN
zwbhtmppzm::YT,FF,KD,FX
lrzbidftrz
rvhkznhicg
nfgrypibgf:60834
avaqjqtnqe:7427
zarudrtefh:12017
fhxksjxpzr
scnnbytfpo:65224
sevfveprij:54519

#
# Example comment before zbkuifenls
zbkuifenls:24557:WL,RQ,EW,EO
ffmqvshcca::AB,AI,XG,ST

#
# Example comment before ponrbvylnr
ponrbvylnr
qbtnclpvpq:16737:RA,XD,AE,IG
cfqhbsdyjx
fetavaguuk::RT,WS,XV,BM
nhnewmjbwt::QD,US,KW,EN
nocirkpjtp::JN,RT,VP,JT
vidmkrtrmw:21025:IX,WS,HY,IZ
gzwvwrtabe::BU,MU,DK,PE
ycnscoffnv

#
# Example comment before earwyoqobn
earwyoqobn
aocdnbbcvi:16658:UF,QE,LE,PY
prghskjywv
tcrjtlarfz:54526
nbvrtuapap:27203
zblnorrakk::LR,WG,JD,VQ
cfrbrawagv:50540
ajfkdjtgfe
frsgiqpovn::RT,UX,HA,FI
owcetgvmkt::NJ,QY,FJ,XF
rpyqgvaebn:52233
zdbkpgzaut::BX,MW,NU,ZG
arxybawurd:33107:RT,RY,HI,ZZ
jqbzadaetx
gfvkkgnptf:36658
ndrlbqllun::NQ,CB,OT,RH
zntfvnarkn:21399
asxbktsvbl
ekncdpvmff:46603
sdnnrtyhmc:24671
rxqhogwmrb::XU,TI,JD,PE
rifbhzwtvg:26305:IV,LH,FM,GD

#
# Example comment before ettigrakio
ettigrakio::YZ,WZ,OK,SN
mbrafatrck

#
# Example comment before ztkrryybnv
ztkrryybnv::HY,FV,BI,VY
iuxdhfxbko:49600:FP,AH,RQ,UA
kacmrhgjmt::IV,FS,RD,EH
jmlvxjofnl:42128
uklrhwxrbq:61794:KS,WJ,KZ,LO
lxefvltuto:10020
ggnagovwha::WW,RB,XG,JT
zhgpnvlzqa:61702
msubwsvnie

#
# Example comment before rvxourkqeg
rvxourkqeg:22595:SO,GA,KW,CN
jaufansajn:19330:SM,RR,RU,IT
hroxikzrrb
xwbttqtfpd
lzatxxgpvb
cxuqgzzamt:32543
uwqrnhnnzg::BV,CG,BW,GV
vrfvaflynt
gfyaikfvnw::PM,LH,XS,FZ
jlenujovjv::ZV,TV,KT,LC
ezqziadstb::IK,PM,ZE,GB
wfhtarcrma:4169
qcwsmxfjab:39144

#
# Example comment before ggqjfaxuyo
ggqjfaxuyo:18075
uurdldxhde:57937:HU,HO,IF,SS
nzdjweabml

#
# Example comment before rbdtqmrvpv
rbdtqmrvpv::PZ,PG,SB,LM
vmjmtgstxf:15540
faqrxsfaur:52706:CP,AU,WA,IS
wvcbebcrrj:15947
ysfwyycagt:64377:SM,OH,BJ,II
eftbeusvov:53546:WJ,AR,CT,IW
wwznntangy::AX,JM,TY,RZ
vlueqpxuif
qwtmeibgtv::VC,MG,WX,OL
vwdkchfayo
wusxaetfkb:39241:DU,KA,MU,HJ
fexlgsslrk
zhmqcisxdz::IZ,LJ,YG,GY
ifntfutkqu
tpfqklecpx:35478:TN,UE,VY,YD
sarnnzglvg:24567
iaiwqrthrk
mafnatftnn
tlbofbezrb:45364:JC,VG,JW,OM
vbgyrqbamd:9934:MX,WC,SQ,XD
bxfgauftvr:1770

#
# Example comment before saervwaqif
saervwaqif
hafvnculyr::GX,UA,OY,HD
oneaqtllni:32139:RQ,BI,EG,SF
wdahqiftdb
lpxrlvumnv:53573

#
# Example comment before bydtetattz
bydtetattz::NZ,PB,EA,TR
oftssehaxi:24995:IU,ZT,JO,RW
bfrvcznvfd:24938:QJ,LC,PG,JH
yceltzzrft::HR,TR,VC,FC
uvpxobkauf
spuvlszcwd:11726
sysxtxnirj:8054:KQ,GN,NE,VC
rdvdwfoeda::CA,YK,VA,PX
vvfzgzvfsf:10281
fgptliqctj::EK,ER,HG,ZE
bpasitbzja
datfgjmuzi::CO,DV,VR,DQ
vnedhhwtgb
bdhyqrrfev
srvrfnuvcx:58291
tyebaarnjc
haprgvvnin
foskvlbzmm:52796:UC,FC,OX,ZE
uulfocztnz::HQ,JM,VV,ZC
dufnpffiyp

#
# Example comment before ljrcdsbsat
ljrcdsbsat
sozqelvcvs::BO,MM,SR,LV
vbhpicvaah::IT,OD,RO,PS
hdgbfmryqq
erxyxkhmyt
kazfbnzyuu:65438
ptrzoqvogw

#
# Example comment before tnfrntojad
tnfrntojad:38948:QM,QG,JX,LL
tbzvdkifxt::PJ,PU,II,RZ
arcqcruaau::ZH,WV,XR,NB
einsaaluhx
yskajbxdmg
rdugwtwujr:31561
fjcfpeqwtq
yflniirnns:5215
uzrwpwnhbt
tfhxbfqsiu:37735:SK,IP,NN,XM
veriazbqfa::WB,MZ,PC,NT
fkhfpzvnew
bnamvnkanr
mnkjtfvvpl:54972
cfnwqrpxrv::WK,UY,HJ,DK
ddfnsdgatx:38560:IZ,WM,EM,XF
rfadrgibvw::HA,HU,RR,AQ
tavkjqoxhb:16304

#
# Example comment before uiucrrvevi
uiucrrvevi:7821
ovhulsmyuz::YF,MK,NQ,QQ
dkfntfiulv
aftfeetnfg
pncvvbduet:34598

#
# Example comment before livjqddkif
livjqddkif:17282
wuaqvbvvrj:42736
xfbbruttmn:16259:PU,XD,JA,TA
bobcxxmail
nysncaobto:46744
haqarrortd
bbwzbpbfaj::AW,MX,SW,EN
rtaoptldbb:10007:ZO,RZ,MQ,MP
cyntrhmnqo:51851:UU,YJ,CI,OK
rafyqoiiqr::UX,YV,NJ,US
frbsybpeyr::SZ,LF,UG,WA
isbhcbqdxf:32217:HN,ZH,MM,YE
mimwrtghpj
vtawmvrgzw:8625:LK,NZ,NZ,AG

#
# Example comment before ueakccwgtv
ueakccwgtv:21538:DQ,SL,EJ,RW
rkefxkgnik
bmnzptvrny::YR,WH,HG,DR
afnmrwtavr:18537:TU,AF,TA,NB
smsaassnaa:5606
tmrtutbnew::ZI,DA,DW,PI
zcsjyuhwkv:29148

#
# Example comment before izausyulaa
izausyulaa::TV,JO,HW,MP
rtaswjflaa:2350:LE,GA,OK,HH
uhrohminvf::FY,IA,YR,CG
gjlumorgun:9984
gnackfyppr:65413:LY,AN,LB,VF

#
# Example comment before tknajqhnjk
tknajqhnjk::WH,QD,NV,DZ

#
# Example comment before nngpxltwni
nngpxltwni:51119
zoskytdnyk
trxukyhawn:23635:NJ,LX,DG,KW
qsbfoswwib:40777

#
# Example comment before zblaaaapbd
zblaaaapbd
nzavhrkrfj:47032
ghvkpavngq:43266:EX,TZ,RG,FX
absbaceavq

#
# Example comment before ksyvgzvvvo
ksyvgzvvvo
ksztwnohyv
aorrfnduwb
tnutlnicum

#
# Example comment before ntynrtfgsu
ntynrtfgsu::SJ,JQ,JO,YI
mrjbhlvrsa:33979:SR,AX,VC,MU
uftvvjpgrr
nstprtrvxm:611
tbyickyunt::MM,EY,VC,BO
cwvvgnatbg
mgafinbvwj:8210
xtobzezkkb
avbbkwfpen:44030
qpnertzczn::QS,ZH,KI,FY
vbdabttrfb

#
# Example comment before rvdmotatut
rvdmotatut::IU,KM,EK,UL
nhdvktisbl:34796:KQ,YG,VS,TG
xvrulofvbt:2094
yponhnpuhg
ynvgftbffm
qnbwcpgvrg:38367
cochmcocdv::KX,NU,CR,FA
ubiibifztc
vimlnkvwcb:18418:WY,ND,GQ,IO
osvzvcknzq:29080:ER,PX,QL,XA
gnhahznwcs:53140:YL,QL,IN,UN
unobmhqmmh:59280
wbdpelvhrp::GD,PN,XW,BV
bfblkvwfkc::YC,CO,MH,OQ
pdrfvpjjfn:11643
rnvbpcagwe::MI,QD,BG,NS
ydfuqyrrtc
kkfvqdjzgt:23385:WE,YI,UL,PD
ntfyvtacmn:15952
hocaetxnhf
boomgevqmr::UY,JQ,MO,PK
jtucmasjnt::EG,WS,TE,BM
vgfbkjttar:3157:ES,HB,OV,NB
sqtnqizzut
vibaatcyxp
atrazvxnmk:11769
muhyanbcgf:11280:YE,OX,HU,SF
uqvzffgihr
duabnvuvbd::EL,XR,FZ,VH
thqfjtvvpa:47072
ayqtixfvvu
ipvbfuftsv:36377:FG,RK,MC,DU

#
# Example comment before uyvblbigfm
uyvblbigfm
jpezwnmnov::RA,KZ,PV,RS
yqancrrxkx

#
# Example comment before nqjmqctyel
nqjmqctyel
puwllxwhva
mcfcvvwsfj::OW,IR,MD,HF
vjbrztsynh:34927
ftsamfdjyj:42914
vnessatlmz::VF,LD,XZ,JU

#
# Example comment before oftulynpta
oftulynpta::HV,WL,QB,GQ

#
# Example comment before wbtpvrwgvg
wbtpvrwgvg
nzvznysyrp:53006:SC,LR,EH,WS
yxgfewpitc::WT,RM,MP,HS
anzvnelsbk:31781
hwfeafxfna::WO,BB,AU,LH

#
# Example comment before iadnfrlbhh
iadnfrlbhh::HX,VV,YH,EK
wdbvpxspuo:1232
womrirrcgu
jvshxgyfxf:29978
fftwqyvujo::ZH,UQ,IN,NH
trdijfsftn

#
# Example comment before ictpxuvbsb
ictpxuvbsb::SC,RU,NK,QO
rczrxggift:62202
jnttgvafby:40973:FB,BZ,DT,XL
okobpixbfn
gnzrqwuayo

#
# Example comment before umxlynibdh
umxlynibdh::KT,KW,ZJ,FQ
ngojnpkubb:47818
unqsofkzhz:6178:II,PF,ZG,RM
barrpkkard:8802

#
# Example comment before jzhxcjdubm
jzhxcjdubm::HL,IF,ZK,EB
bfxxxibvkb:58768
smjtipwnvv::FZ,GM,GZ,YZ
mtiljeduuz
bplauqcdqe:64453:UT,DX,GQ,OF
rzvcnsapdd:64416

#
# Example comment before qwoextrrri
qwoextrrri:14195:LD,KJ,WE,AL
fkbtsrziey
rvdhbotetg:56437
mtxgsizzsm:53339
ttbvqkndfp:64496:UB,DS,KJ,HC
rvnnhgrvxq::DV,EP,XV,ID

#
# Example comment before fjynztpbta
fjynztpbta::JL,PR,NL,BQ
ntrtqchkgf

#
# Example comment before zorlspwrqv
zorlspwrqv
omefacesek
gkvhrfyjte:32911:UI,GD,CF,OF
onfektdrrj:60334
olgcabfkmp

#
# Example comment before wjzssnrgnn
wjzssnrgnn::KQ,LI,HK,EU
yrlgyfwaki:31040:KL,NJ,QK,OE
xohusgjnnr::MC,ZI,KR,QY
yvqmbxnzgn::ZM,YM,JK,KW
ltiasmzvsb
ydlnmkvtjz::OK,XN,OB,CB
tjqtvbajdk
svnekcfnqt
gpdxodpcoa::IR,YK,KJ,TA
wmtzypwute:53344
tmziknuuji
rsmttwekjb:19009
ryhyehxmpg
vizdrpzena::OM,UW,SX,MK

#
# Example comment before gnrlfuubgb
gnrlfuubgb
tfdbimyezr:28572:CK,RS,OU,NK
thrkkvmdzq:41976
betraxvuke::KK,DA,DA,KY

#
# Example comment before hvnnfsdizq
hvnnfsdizq:43783:ON,JG,KK,BW
vpviwruzmf
snhaxvmdhd:14118:HD,DO,LL,PF

#
# Example comment before vbyrvifhhf
vbyrvifhhf:54585:JP,GB,SS,JZ
fabxnuewvt:2708
zjnivyvrtf
qpoynfrdyz::BT,RB,FS,HG
lpbahojmqx:55186:AG,GZ,US,XA
nmsbbrnvsb
bwogzjptaf
qavppncqbu
drvllbtoda:35531
pznycbnjmj:56282
xmrpvaugna:12526
pgjgthjavc
vdmuwrsaix:20395:OB,GK,PP,LN
npmuknkctt:62290

#
# Example comment before rgsvxrntnp
rgsvxrntnp
ejkrrwwveb
bfbcflbnfz:54533
rfznfrnocx:4933:UJ,KD,JZ,KZ
yapdnryavb::IS,LC,AD,EP
udneulaubn
assrunxehb

#
# Example comment before vfrudcvyus
vfrudcvyus::FM,RJ,CT,RR

#
# Example comment before dvrftbikvl
dvrftbikvl:53534:NF,CR,AM,DV
xnmbcncbxd::WN,YW,LQ,MR
bjsfnbtytb::OH,WG,VF,ZP
uqarkkalxg:23002
zpghtpbzbm:27345:DS,RA,UW,TC
hhgiiddxzc

#
# Example comment before rxrjyaeuor
rxrjyaeuor
rrqfnaztbe
vtsnbgdnza
nqjhpihbay
adxoryczsh:45234:BQ,HX,TP,ED
hiwmdjfnvh:47513
nimfctouva
bnjyebjnfw::OY,MI,WI,LO
venniafcoa:29144:VC,XD,CN,HE
nqbewxplnn

#
# Example comment before jnttzznfis
jnttzznfis::UJ,UI,KR,FF

#
# Example comment before jnrajkvjpo
jnrajkvjpo:60314:XG,WS,MG,AA
xffgbubalk::OS,DN,YK,GA
pvftvzprbp::LL,JO,ER,YW

#
# Example comment before lwrgncvwae
lwrgncvwae::IT,XW,TH,HX
nnexskxkrf:12183
qlsrvptrnb::JR,AM,NS,TQ

#
# Example comment before wmghanjovr
wmghanjovr::WI,AM,ZL,CL
ppigfnejas:17493
rplknnnrbt
reyyhatytz
evfjjmtvbg:40329
ktgyxvsgjs:33908:QD,HS,FP,PQ
whkopisidu
obwcmphfgr
sdbkuveyvg:31158
rvavpegttg:15030
ntnoraticn:16361

#
# Example comment before hcbscuonxx
hcbscuonxx::XR,BM,KI,FX
zbxsvkqoku::AW,HI,FL,OO
tborpgfpci:596:AK,ST,TR,RG
pahmulcurg

#
# Example comment before phtrpthevu
phtrpthevu:30697:FC,JS,AI,IX
rytcxznikj
parlielnbf:44229
qgnuaabwwf::WW,TF,HD,VU
ofcfxidrea:43242:CB,OS,LJ,CL
vlyvaqfvab:24629:UH,GT,WU,WF
xbugcamxtb:56432
obevfwutfc
nikraxaunm
wkmtkfpvqs
wdsaxyatbb
xvpfdtfmta:19005
vtbswmfnhp:48604:AJ,HA,MU,MW
ualmuwqfnw
mvgjlaijvz::QP,RG,PQ,WV
ztlcownjtb::OS,CO,KP,OY
akwfrrzaer::YS,ZX,IU,CW

#
# Example comment before ohltzlsfaz
ohltzlsfaz::GW,HU,RC,LE
fntlwfyyvn:18196:HS,OS,SI,XI
epnwltoayt
dlxfxvifgb:41369

#
# Example comment before mjvymazbar
mjvymazbar::UM,QK,VL,LN
jbczfhtnyp:12631:UL,FS,CR,SM

#
# Example comment before madopffrjb
madopffrjb:38326:PI,OU,YL,NQ
anfkedokme
rqlxeggqtb:41456

#
# Example comment before wtebkztfsx
wtebkztfsx:8447
vquaftappd:18578
uvtrwfpjta

#
# Example comment before abeigesnfg
abeigesnfg
ytqargblgr
hbvnnsvyvk
hofnbtnnwf:40394:VW,RP,UJ,AW

#
# Example comment before nvhrkfsnia
nvhrkfsnia::FD,GN,ES,IC
fabpnbsmeb:55920
atcmwvoaas:43003
lhbycrsitd
hvddseafsz:11128:DI,ZC,LQ,NY
tfvtjgnqtt

#
# Example comment before aytfcanayj
aytfcanayj
xylflxtvmw::QU,SU,MC,GN

#
# Example comment before uuqxzhjmfo
uuqxzhjmfo

#
# Example comment before itninvpgne
itninvpgne:57554:NZ,UG,TG,GB
jslbmqsxyb:24815

#
# Example comment before fdmdaudeuf
fdmdaudeuf:33864
rqnnzwdtvj:56074:JC,OC,TY,PX
fwxfbixvdb
aanyhdkacf:23657:HT,OO,MH,OT
uavpsabsyr:1200
gvugarbywj::HN,YV,JL,HI
waozaofvav:60471:RZ,RR,QG,TI
vtfreavxvm:52405
fkorpcljvz:47070:DS,BZ,YI,RS
cxzvdurbbp:6144
yarbtgyzrg:62254
eazmvnivfa:36174
ytnedwfzxr:38792
kfhzkjdnnv:8260
nvibbsjoxl:22932:QX,RU,PH,PK
rfwsvrppnw::RD,LA,UC,GX
nvbctznkrn
vrfbtvvmdr:18543
actkasnara:30653
uobavbshsg::OC,AA,FF,IR
lzglbjmtef
qtdijjqker::WC,TY,PB,UG
nveuvmentu
getnkvovau:19559:VF,EP,NH,JA
lzbyfmzvyh
apiqxafdxq::CH,RA,AC,FI
vlfrinvutt
aipkisdzft:7204:ID,TX,ZW,OS
bvfveyddpj:6062
ahbmnhrroc:12419:ZI,VX,XA,GC
bjxbjtvluw:40561:OS,UH,YH,DD
oggblnapfg::WH,SE,IS,UX
oofbvlrwnn:59948:TF,WP,KO,IK
dvivsauurl
xnkucftmfm
akfvvcvkjr:11895
vtbdomvxma
iozcbnpwrk::FF,KT,DY,IG
ehbfiukjnd
vcmfcmdnrt
weabyglmvb:9115:MR,OW,SK,UX
gzoenttrlr:1740
wlkoabpzeg

#
# Example comment before bmfolkvasr
bmfolkvasr:13574:NK,XW,DP,IY
krzlguhxdz:58593
itfqilmfbc:3900:QK,XJ,MK,OS
itbnmuqfwb
hnfvptpvmo:19902

#
# Example comment before akagaarukc
akagaarukc:50943:OG,GS,HN,UN
tvzkccytwz
ccvvhzjzjk:5359:YD,VY,RO,WO

#
# Example comment before bjlvbnutvl
bjlvbnutvl::HL,TJ,AJ,JW
tokhhzxmax:61878:AC,NQ,JA,TF
gjalwbtdrz:8959
jfrqylwqfg
tyvyyvbaub
zkisbexuoi:31376:DP,LK,KZ,GN
bncvaeejvf::YE,ZE,BL,UD
gnrlabogny:6271:JT,EG,GD,AH
thswapualb:45645:FK,JA,AJ,NP
kmktfckotz::BG,IT,GF,VG
rbaomnfefs

#
# Example comment before gnfmupnbdt
gnfmupnbdt
togyrntvpw:29371
rqmutvttit:3547:SZ,FW,SD,TI

#
# Example comment before zfbbfcrber
zfbbfcrber::BJ,HY,IZ,UW
lhfhtsdahy::SC,UB,QO,PK
dlvivsdaft
qjtsyvdybq:43645:GA,OE,NL,KR

#
# Example comment before suvdjgkavn
suvdjgkavn:63218:DG,SZ,JI,NU
fzsfrrqtbo:5087:FD,GU,WW,QF

#
# Example comment before ofbftrldun
ofbftrldun::CC,OL,KI,IC
rcsmenssru::FJ,LH,KR,QA
evmzaibzft::EL,NX,JV,CZ
tbvsfbvzof
raftqlyawv:1920
xtjgbxzovg
bjvofmkbvv
qtcdguffpe:15844:DE,HK,ML,WK
nsbbljypzd
ocfndkrvtf:33805

#
# Example comment before utvrvitrdr
utvrvitrdr::SQ,JX,UX,NM
gfrrqmfprz:26266:CZ,WK,FY,NO
apuqrzjwzm::CW,XL,YN,NF
stavrzooaf:38855:KC,UE,AM,KI
hwaadpvrfp:12602
cqvafnfywn:17205
frtrntfiuj:34457:MU,XF,LG,ZW
nhrjodxjnw:36131
bwewvndfcv:10349
aeuibahlxl:20508:TG,GT,VP,PA
wxroisxsvs:39627
bgorenavse:42871

#
# Example comment before vkajyoawwc
vkajyoawwc:4390:ID,DX,HT,TN
jysofdtkqy::AY,ZY,TR,FN
gtrbrbfzgn:54680:DD,RB,GX,WH

#
# Example comment before lhnprgxdvr
lhnprgxdvr
gbfrklvbrt::BS,LE,RQ,HP

#
# Example comment before stsnbrwyfx
stsnbrwyfx::OL,QX,CB,LT
vrlvnzaahd:3272
ubamryrive:21365:TC,ZV,NK,OK
fzqvofuyto:42374
zzkysntyvi:6161:YU,FA,XB,KD
sgtjxnxfio
twamzaoagn::VK,OZ,NI,YF
mqbpfxslvv::LF,JD,OB,XG

#
# Example comment before kxjebbnukn
kxjebbnukn:20315:MK,EL,SN,VB
vbvitbcjuv
rnvvuiporz
rygtvrpzjn:22990
huonbmtgyf:11687
hknvtypnaw::EP,XD,EJ,IR
phclmczjjq:13916
vwnuqtstwy::PE,UM,LW,RR

#
# Example comment before ncqoatnlam
ncqoatnlam::PZ,XP,IT,RQ
dqhqgvbcxl::YM,CW,XS,BK
niorfagoae
xprqwthmcf:2359:LY,FE,DN,ZP
lfbwwbpfpa::QS,LY,ZY,KE
ydomhmfacc:11239
lelvvuplib
ibruztfyyv

#
# Example comment before ywargmrcbv
ywargmrcbv:58996:WT,GG,JC,HP

#
# Example comment before qhublvtnef
qhublvtnef::ZV,UP,OQ,TN

#
# Example comment before rmhvbqytuh
rmhvbqytuh:16722:JP,RC,UT,QG
lvyasznjff
cpccinnubo:18231
ltvccqqrpa::FS,XR,YO,XJ
vxxhryrrqa::TI,VI,BD,CR
tklstdavac:42025
rubofncjil:9077
qpzqtntlnc
ladmghabgd:39901:BM,KL,HF,BY
jtdramtlvq::YU,WZ,NR,DS

#
# Example comment before pomyvdtoen
pomyvdtoen
szexhvttbh
rpspfakorv:45023

#
# Example comment before fcptngaeep
fcptngaeep:26861
rzmguntfqu:16686
mwratnatnh::NB,TM,HB,CA
nflbfsfsyr:9549
snhbpztbbi

#
# Example comment before khnreyfbog
khnreyfbog
vfnctvlbur
tffaatpxxu::YC,UJ,XS,JM
nvcitnuplf
hutbokfxen:44765
zqpnffvzrs::FS,VC,NM,BH
jhmdatefwi:64366
rnaxxqccns::LI,BP,CO,AM
vwtfcwlmfj:56078:IE,KL,QK,KR
bgopnvktjs:11853:UW,PB,PY,KG
wfohmrkkbb:20530
uwkeexzntr
wyqlvxyles::UK,RG,WK,RG

#
# Example comment before fqlunzuyvr
fqlunzuyvr:3799:QX,ZG,JA,DN
tzbavbgxwp
lmsqmstdmz:15516:IL,NT,PC,FK
bzmtqhckrb:2542
axattgrbdg
zvnncerofl:22423:ZB,OO,DA,QB
jveswzvtgh:17472
vbvtnxpslg

#
# Example comment before salvcwwrtt
salvcwwrtt:44545:LY,LY,XV,PC

#
# Example comment before tfvtkdqxbh
tfvtkdqxbh
orypiaurok::VL,YW,FH,KT

#
# Example comment before msjnkobrtl
msjnkobrtl:25563

#
# Example comment before evsrlbtanr
evsrlbtanr:56152:KT,QK,SE,GY
fnnpbtllri:24804
mfjbnffitr:37034:LQ,OP,NY,AP
xhpayawfrr
fbndhfsgzt:58589:SD,SO,FI,CO
mmbarmying
byatfiadrf:38829
trabaamvua:29848
rfmulnvbmb:34340
mahcvraays:5547:GN,OP,YE,FQ
xirvqaaxga
ztwauctuda
dkqnlephif:13527:QP,MS,SU,XP
ednnstynvh
pqxwwgotoq
nvfgroeysb::CZ,VM,GE,GB
qqbubjgnwz:35693:XT,DA,SH,RF
ffcxrkrpta:42317:UA,JA,YN,LV

#
# Example comment before dihnnanzwy
dihnnanzwy
frqbwoqwfs::OI,PJ,EL,ZV
vacqeutpxk::PO,RF,SN,OM
gsfbyrldqb
jvetoawtda
rfeaahpbtb:29929:GS,MM,TR,WY
iavrlfemve::TW,EU,WB,KH
rfxzyqvyhg
ynwrgganfa:63664:FC,JS,TL,QL
rjrhudnwrl::XE,AF,XX,YT
hwldyhubmc
rbfcrrfbsn
yjbmjfyaay:59067
itleyigvfr::XX,GH,RH,OY
ndtegtgqtm
aovenolvfa:22843:YD,FX,VG,GF
pfrvbwtkmi
zptrwsbast:58400
tawlhtybfw
bztnattzfo
qbmqszfqnw
nvcvcvdrpa:21006
vobdtqnbxw::CO,EN,CV,FP
ugoanurvut:35685
rtlfdrgvwf:12963:LT,JQ,XH,LU
ufrnrwbtbf::DT,QY,FX,EX
vrufbpynoy::OU,VF,WH,FT
hbxkogsyeb:8844:JW,AT,OH,UO

#
# Example comment before ddehllnxtt
ddehllnxtt:28299:EZ,YY,BY,AP

#
# Example comment before kbbnwqwnvg
kbbnwqwnvg::HY,JS,BH,BG
qflpjyzuat
fgprvbviee::PZ,UV,CJ,GI
mvnvoflfaa:42649
nfspsecjgr::DG,EI,EO,NF
aznzfwparf:16580:IA,PF,GP,MO
bzbwnufkub::ED,RM,FG,BW
cbqvtaitat:41408
tnbvtwgnlq:24083
zdmgartaiv::XD,YF,BU,AK
hjfmateigl:23385

#
# Example comment before krmibpwnkd
krmibpwnkd
ffqgezennr:8721
tngrnfwnvb::CQ,IS,NM,SP
wbybnbghzo:42887
rttiqntjue
rnbxrbuabk
mlaqnnttqm:52072
nlcaadcwnq
gebnvfbwjy::OZ,EZ,QB,ND
cvbkgvlhbf::IJ,HJ,MT,TT
nbfksrnolu::ZP,UF,IG,PE
edbwtwnpbw::TO,OV,RM,LO

#
# Example comment before ptquifdbty
ptquifdbty:39059:PN,QM,BW,AX
mmfkatmjlh
rxsqbkmiyk
lfpflqljbv:45869:NH,NV,PZ,YN
ibiffezjzm:61706

#
# Example comment before avdttmhwma
avdttmhwma
acjdcafbnz:64269:LV,TA,ZC,YN
iaiidpqbng

#
# Example comment before yfqxdjoten
yfqxdjoten::IZ,WC,BM,HJ
plnqodtket:32567:XO,KO,FT,RK
kbvrvabdou:26091
vtfxjxburi
nkxcltovtf::IB,QO,EC,PA
bntycullfo:10990
nzoajfvhta:16788:GH,XD,ZO,QB

#
# Example comment before lrkvmalpyf
lrkvmalpyf
lfkvvocoeb:38634
svsjpgbvzn::PI,RT,CN,SV
ydrbrckamb
lentimptrj::PY,NF,ZW,VR
suynsnnfsv:54478:WY,QC,CC,OO
hvncornsfk::DL,IJ,NN,XP
svnxoqzaad::NK,KO,YR,FE
kvtausgydp:32055

#
# Example comment before zhrytqfvfb
zhrytqfvfb:11445:IO,EM,EH,XN
ovaifrfslh:52292
ziaotagdtl::JN,ZE,LU,XU
bfwbhtbhwy::FT,WS,UV,BM
pfsrlupetb
wfzkryesyo::TS,YC,UJ,JA
kamvcotose:48894

#
# Example comment before fqhnbmjsyx
fqhnbmjsyx
mzhrqxfmol:36317:NO,QN,AK,TK

#
# Example comment before kbdogbjnbf
kbdogbjnbf
zkzwybjbcz
qffclltaau:17856
uxbwtpuinr::ZL,NI,PO,ZV
tkbmqcthgy::AA,JX,LW,FD
tvmzwmmegj
ypfjnrnfwb
adenvrgnol::HF,MV,XE,UY
bvkpqbtnfn:3724:FE,RS,UW,PN
dgrtfbrtfo:2642
gsrugqcuxf:17682:KC,AZ,QM,XY
orgagptjvo:18131
hkvccrgdvq::CR,NZ,GL,AU

#
# Example comment before vsfrrtzyqb
vsfrrtzyqb
roiwcsjfue:9860
xolfbuiavf::TX,UY,HH,ZS

#
# Example comment before urfjtwxllp
urfjtwxllp:8857
rpckgnxzir::AT,FH,OD,TG
cxavsbirds
vxphxfnzen
dgapfpibvx::KH,CM,LN,XP
xbhiclyzng
tlutstbbba:53585:EO,KQ,YU,YX
jxghtecvit::FI,MT,VW,WL
whyztebern:1089
bamfhnpkar::PV,PP,NF,KP
qdsuxeaere:23232

#
# Example comment before nxqtxbntsy
nxqtxbntsy
xxfyltvmfb
nvsfuiqmvt:47875
arnflhpevt:26147

#
# Example comment before vvhdtlauin
vvhdtlauin::NF,HO,KF,WD
ucaorqffbn
pbanazlbrr:32256:TR,FG,NC,QE
rxgvtfgnel:46297:IA,NZ,BR,SH
toffoubxav:63113:LA,VC,IO,NB
zsxptvotuy:59954
lxqymxmymf

#
# Example comment before zttfrofrlw
zttfrofrlw
usbtfwetus:18627:TT,DS,TK,HQ
izarfqfviz:21511
puwtyzfbvf
jbphdvlbqf:46878:FD,CQ,VU,NP
aimmtfjzir:14591
mfnfgqfttt
rjffkxhqom::NR,FF,BR,IG

#
# Example comment before noxwqdbown
noxwqdbown
eqdqfofvrt:49591
nkafimafcd:16650:CP,CE,MF,JD
vapgdtrvjp

#
# Example comment before fwtvbfftnb
fwtvbfftnb::UX,QD,LU,VM
ifgtaubtvm
sezxtwhxaa:28712:PE,PK,MJ,CM
fvlaplfojo:45686

#
# Example comment before ywgvevqycs
ywgvevqycs:30864
pxeiapbnyc::QJ,SL,RY,AJ
dkrfzuhfjb::GJ,XQ,HF,XO
ixzrrsfniv

#
# Example comment before vfnoustvne
vfnoustvne:31063
tghlrdlyrt::VZ,HL,UQ,FQ
erwqdnrpnr:57889
ntfvvqwvsv:1077:UR,MJ,JI,XK

#
# Example comment before hobxenagdr
hobxenagdr::RH,XE,RV,UQ
criqvbetqt:14559
uisimcjjva::FA,FU,QZ,NY
yzntxrlfkk:8:DV,SK,XA,XX
egbqtqjfns
geavbtgnys:35496:GL,XN,GR,WF
nlqcagttnd:29022:ZP,EH,RD,ED
xutqybmiva::XH,PA,AQ,XU
hkyqbtxeaj:5333
nplnfevhlt
aronheifkr:14991:UU,VL,YQ,BU
drhybphrqz::VG,VJ,LP,OI

#
# Example comment before rfpesknkws
rfpesknkws::HK,FU,EQ,MV
cytutaaeic:38361
kdoncyflct
fqbfqwaszi:52547:SY,YL,RS,ZI
aycanbrkar::II,QK,GK,LQ
kujgfrbggv:62619:GC,SK,LN,GI
befceaadaf:19710:NO,EI,PN,RE
ufwtrrmaxj
rlavkjofea

#
# Example comment before kwamhpyjpk
kwamhpyjpk:44205

#
# Example comment before rglufphnwy
rglufphnwy::JD,KU,MO,MH
nrjmgmrreb::DG,ZB,CD,WK
oevhfzlabe:3677
xovfkaecsq
atgfxyddkr::YO,DM,GU,AX
gowccmbuup::NU,PP,GG,ZP
wfoehrbnag:1502
goavascbfb:39584

#
# Example comment before duvzytddqq
duvzytddqq

#
# Example comment before nyaemtluno
nyaemtluno:38332
ptiaotldvc:32169:DX,OD,GF,EH
adbauvnpmw
ylfbquawat:34429
vrirlihyuq:47630:DT,VO,CB,FN
paayacfbtx::NT,UI,JI,UZ
karanrfyvp::PB,UA,RT,FT
rmjrdeuzem:36026
lwhmxehhpx
nlhfndhlqv:10152
ovcaacslzc:4540:HL,WP,WE,JU
yvdsabvtfz::UH,TZ,IK,VV
pnjgvzckwz:44408:PM,GN,QR,HX
xvxvudvddo::JT,OB,OD,BM

#
# Example comment before btzunxfsdi
btzunxfsdi:64288:GX,VN,AY,GI
qkyyxvtrbc:4112
npfxyjfysj:24723

#
# Example comment before brruaucxwe
brruaucxwe::BX,QS,PH,TL

#
# Example comment before srustkljuf
srustkljuf
evugbytzqr::EF,NW,MU,NN
abmwvqmlrr
anbmrrasel:12658:RI,LQ,WY,HT
rfavaecmgx:28923
jflbpooovs::BC,HX,HS,ED
burlaixdvq:6671
xjogcrdmru
xrmucxbppa::SF,DY,FX,PA
jasodwqpvj
lbshfvdlmk
djlhwejxlg:46039
utmjatubzc

#
# Example comment before nvhbwclvhg
nvhbwclvhg::ZN,PI,VV,JH
bslxoncpnn:11920

#
# Example comment before qprfbobayc
qprfbobayc::VP,YE,RI,XC
gicawipnby
arbjztfvyn::HG,CR,JA,CL
okkruabpdj:53065:ZC,ZP,FG,CT
lntbnrdybl::ZW,FM,NI,ZA
bfbadrgqam:11494:PR,PO,KW,EA
slddbskxgf:31814
axlzxovbjc
jewmugfaea::UH,BK,KQ,PC
faszhrrexa:8628:DL,TP,AX,UK

#
# Example comment before zwtsumqpgh
zwtsumqpgh:60106
aaxtgtlcrc::FV,UN,IR,YE
yjouhgahss
arxkpdtbqh::UM,OP,LN,OB

#
# Example comment before xvejbbolnz
xvejbbolnz
btabxasbvu
tvnrrmftkk
vkzetjgmba:18811
wcfuhbmvie:24030
ybhgcxvnvv::ZY,ZQ,AY,XW
oxzkwftraa::DZ,DU,DD,GJ

#
# Example comment before nuyiomojst
nuyiomojst:39028
laewqwraaf
entvkdnmkj
obanlrebgb:64467:BO,GL,CY,DM
lnqnmqabns
rrhdtqnboy::HY,BC,IE,XN
eokuqvxufn::DX,AI,OD,MZ
otrqhbtcre
tpogcybnew::IT,FJ,VR,DJ

#
# Example comment before vskgucawzh
vskgucawzh::BA,QS,TV,KT
avffiokrll::HB,KF,SP,EX
fgrbnmorcb::BO,UU,RB,IN
ymvazzsfco:36229
xfdmvaiper:23767:RH,MG,SG,AM
abvoupfdnw::NG,VG,CO,OA
nhbiwrxdft
vtwsbtgrwa:32369:JS,FY,DY,VC
dlnhntfuwt:48072

#
# Example comment before mxttnajjsx
mxttnajjsx

#
# Example comment before laydgftqax
laydgftqax::TA,WG,ZO,QP
eglnyibwlt
aubvoxrrok:60363:DE,OO,PU,TO
utnbvfnuib::OI,QJ,CU,DF
ophvzzrxno:48993
dnioewnmva
ifoqvxtqme:26915:ZT,ZC,ZH,UP
wvburohlnp
cvpaqfgtmb:14816
ssxqaaxlxa::IX,ZB,AI,IB
npxdpbsvdn
yrgaljsgqt:56743
xblqnvtdga
hefsrrtehv:14399
njvxnvijse::MT,TX,OY,UH
qacroyrytd:35823
kgmfmlzpqx:51190:DC,YD,PS,SD
atddvfaqbt
cecurbfjed::WN,ZP,RQ,RG
ktwneurfbt
nolcgpqbkp:43916

#
# Example comment before tatopaqdcy
tatopaqdcy:11863:AD,BJ,PZ,RI

#
# Example comment before oaucxizbrf
oaucxizbrf::EA,KB,HN,RN
hqmxylapvi

#
# Example comment before lvnrjrefsk
lvnrjrefsk:42256
txtlvbnuvs::FP,II,RN,VS
lbngocvrek::QI,UK,EY,CA
xhpnwwemcc::GR,KV,JH,GY
qwzotcnkkf:60372
gfbfnydqfb:44712:SX,YJ,UI,SF
krgzdawaft:27800:TI,IO,BI,AB
gvbmyazugz
qvxrrxyesa:29107
prffmftkbv:16294
ffnxkvzbkn:36096:SO,RK,AL,DQ
btgpngmdba:24260
mnppfvnaph
crwarorcvk
ponnxlxmsd
bdrnfxxsxp::VF,EW,CO,IS
xchnwiblrv:45571:IS,DG,YZ,UT
dkeynavexf:805:XB,GT,AK,XH
fsaswltiuj:58538:DF,VG,XC,YE
tdefwtxmij:27055:EQ,TM,VC,TJ
gwrqjvvbfe:26443:KO,GI,WV,VY
dtfvznprty:46375:QT,ZY,MZ,YM
bwlggmndke

#
# Example comment before sqcmtfsvun
sqcmtfsvun
rfpriaeqib
hyagpvtrvx:16803:HV,NM,CZ,WQ
rnntvivikm::XH,IT,LE,EE
lkfbartban
vibjmrjpzx
hmrvrqdxtv:18384:AU,VT,MS,GH
rtlmbumkoq:48817:HN,TB,EU,WG
ntnzvlnabd

#
# Example comment before rxhvdmrfqs
rxhvdmrfqs
vfncynfffb::NQ,RC,XK,BR
mljavnwpdi
hbbeuexvtc:3635:AC,JN,ND,YG
jpctndphju:60193
sbeatnxhmz::OD,KC,GI,EA
vqbbvfyfzf
vatmfmfzcd:10582
cnupeyqrvd::TA,LI,EU,RQ
hbxqxfrhfo:6953:TH,EL,HE,TH
anqtjityrh
zmzavfndbb:12845:FJ,II,NH,EU
xlkbgpfsrb:62019:OO,WX,HU,WV
cevixrfync::BZ,RL,CS,SA

#
# Example comment before rluvuhkpag
rluvuhkpag:44977:RX,IC,PR,NR
jghvfjzikb:37105:TP,RR,ZH,LT
lrxfgalezr
avwqaypfig::JE,YD,QJ,QR
rnrtplkptl::FI,FG,QS,YO
crttnbrund:38668
vrbbicplrv::IM,AQ,GR,UT
wdrgwiccot
sskjaaltnh:29330
zeuenaddqw::SK,BX,WN,RZ
rvpovnggre
thijltbanx:57523:DA,AR,MK,EX
mzutbysrps
kjqqrvypft:23483
esdbtcehdp
ycxodswkuy:13480

#
# Example comment before snbabgirvc
snbabgirvc:28919:SU,JU,HM,TX
fsdbxbmhsa
xfmwxdbydv:46486
cofiwasonm::VN,DQ,JC,TE
zsqfrkufwg
jtrlqzekvj:28105:DL,LH,MR,EX
yrajrkqxtg
ajthgzdpgr:11925
prszztvfbp:1803
bkjvgfnqft:23760
rhhnpydqwb:8100
nfymqkimga:20203:JU,RW,ET,FD
iriiarrbhk:11328:CQ,UX,EY,UH
qaxklfknnf:31376
tcdxuridbn:51509
fbvforaznv:2402
mqxyneucll:38359:DZ,NX,QK,UL
rsqwrwhisw:9160:SE,WP,BG,NY
mjebubuzxb::JC,JP,WU,DJ
jbtkwfrvxo::ED,JW,MT,DX
wraeprbadd::GJ,AA,SD,YU
qbrphbtubr
rlsfztjczc
fztqlbrchu:9252:FB,DA,FF,IZ

#
# Example comment before tbljnlqdtd
tbljnlqdtd::GK,FE,MT,SM
apzrupuybh::TA,PB,EY,JZ
dljetgmqqb:28792
iskhsvbpal:41082:VO,CK,VN,ES

#
# Example comment before nvxltabtvd
nvxltabtvd
ivgdlsepqo::WN,PZ,JD,ZQ
vqafpvhlby::EU,OV,BI,XB

#
# Example comment before rdxairmnxd
rdxairmnxd:45394
yipnvogqzn::RG,NN,MF,AX
jcfjzjkfkr
yvjdpuheku
oxqxzeronz:44760
jeqlrvbyik:26336:HU,OX,DA,FM
xgzflytthf:37897
tpdbmvkzvj::TU,IP,JX,QT
arwdxqoqyc:12375:UZ,JD,BH,ZY
ptmtxdlrra::IV,KQ,GY,QF
oocztttnea::IL,XQ,HZ,OY
hjaregbayx
jfkbmhembv
ygrbgohiat::UR,HK,BQ,LC
rvqlwrtffa::JA,UF,ZC,UY
vnydotazgf:10044:AU,MN,PG,EO
wixedcmjrn:47031:CR,DZ,KZ,SO
rfvuaslfuq::ZJ,UN,AL,QM

#
# Example comment before bcbefizjrh
bcbefizjrh
ljiwcruyni:52060:LL,IG,KQ,JY
woradxdwca::HE,LG,HE,AC
cbvfsyfqne:6380:JK,FG,WH,UV
nsirrrgell:56748:KF,RW,ZN,QN
frngtxnipd:35330
kqsbbnrolz:23114:HV,XF,JH,HG
lxcwutszsq:5932
vavtqogoff:54385:PO,TJ,BI,EU

#
# Example comment before kuxyjtombu
kuxyjtombu:51072:AA,MS,VN,XO
tvzepkvbap::KX,SH,JT,SV
rumfioipbn:54267:WS,XL,IS,JD
xyqrnhvbgl:1774
skprblrval::BO,YW,OU,HZ
avlhlbxztv
ptggowawba:42635:MT,HW,ZW,KY
hrmynffbjk::PD,NY,ZT,CE
roudfefnps:48424
uvyilqhmte

#
# Example comment before crvnmbaxjt
crvnmbaxjt:58632:YI,WC,JW,WM
ofyqbrrczh:54358:AF,YL,BH,UV
anajavvrbw
futnfdawvu:18261:NX,VV,LR,OE
krftbudanx
jrurtnvrif:64702:VW,YW,UJ,QK
hwrlhhiqod:48087

#
# Example comment before gketvjcyyp
gketvjcyyp
vzwmebavim:33893:NS,GX,NF,RO
mbqvnzvsfe:42908
seryormubi
plalisbfwp:54643
lptzeqyrzx:5327:ZL,JO,QH,MK
