# test_users.lst
#
# regression test data file for testing the get_auth_file function

titpnevf:qignax+,bcxwqs,ttfqhx+,aivpnl,ynhqff+
ninooukl:iyrsjv+,rddxdn+,hracqf,bjimqn+,nvssrt+

#
# Test comment for user 'ninooukl'
hctfdwnd:lrerkr+,rpjsgf,leulrk+,ncaibb,iolthx
nagmvfer:raqejn+,eiecmo,fgsaph,fabjsn+,aoavql+
fxvulrrg:dqkmhf,ludbyx,bjayua+,eydaqo+,qafuvf
lvtqaztx:rafngt,omxaoj,bpepnc,hdbcfw,owrkbu+
cygmafra:rnvfwh+,guhvrv,voxgro,pnwcfn+,envufi
cvkngtmk:ojulbr,ftxfsd,zxmkzr+,lbqpti,vfrkac
gknvsxsi:qndaxf+,zosfkd,tdbnsi+,buyofc,bfbagv+
rcnqvsyt:dyigot+,belkum+,fhrhmt+,rxcfzn+,dyparn
ypehdgsu:eqmxrr,yctlnd+,hauruf,ctqjgb+,paustm+
srjvrvfr:aywxnu,hzffin,vhxwrh,qpfjer,tvhqfl
axrskoqt:qrbqfa,fzggar,uqtwsb+,fwfqpw,vdqrrg+
bajhvfkn:yamueq,jatzia,sxzmde,ejihit,abznjn
vyvndygc:nipfbo,bnrjla+,bseblb+,jazaoh+,ihdffb+
vfitfikv:rdjmpd+,zydslq,ardxga,axmxrf+,vqjdro+
dqkbddnj:qxrmgf,mgfvff,whlaua,hrvdtb,aqspuk
nnvdnorv:xgrgzx,lnvbvj,nuhbhw+,mfajba+,gqknvr
roawbtfw:zzzlbx+,paadur+,dlwplk+,cnvwsu,rbazah
pbxrnvbt:opqmex,vzmwon+,nufpht+,tjsckn+,bbzptj+
vnirbjix:rqiebt+,evsbxx,urtzmc+,jaghnz,ddkxan+
yotrmgan:uaertv,mztoeo,fbgvoo+,xmptjt+,ctbkhk+
uxzrcjry:wjajzh,tfrdtt,bmcssa,rbyunt,xxyhjb+
qmhxftra:xlbedw+,vmzapb+,mvvybf+,qzzkrf,eroetq+
umlcpdxh:zgjfdb+,rtffvv+,khaptw,xjjalw,vquzqm
widuiajx:iatmnr,ulbanj,fngnla,eijdqo,abtmsr
ojahncan:gkexaw+,jggtyk+,gvbnba,gdtrxj+,lhtvon
ptvaummt:ktzdec+,knreum+,oghwsf+,uoabos+,bgcbwn+
lehersda:nbrnhw+,oxxksu+,stjytt+,vmgtnt,ehdnan
uetrhfsz:airvsj,enwved+,ifazwk+,hvyolq,ptpuwk
jtthalnj:vmuyiw,lfrnzo,nffnrn,emepri,nwvmrv
jsnheyia:sflpfb,alepvb,nvtunj,vavolu+,uvvcai+
tvmbrsza:tcbfka+,urdmfy+,vhdear,fxzvnn+,uawjxf+
vecavzts:yaxtqa,iluwbo,xbymva+,tjvuyo+,hvqvxg+
fyxfbfzv:ghjqir+,cbpnvh+,qwnpbz+,kxgnzv+,csaogz+

#
# Test comment for user 'fyxfbfzv'
dfsjeofm:fucmva,tcdinf,dvpxbb,trvhra,fdnwrw
fkavtpaf:sotovn+,xgratx+,bfvxqr+,urenbi,yvnnvv+
dhbrtpxd:ssnxft+,nvabez+,xarrxs,grxslq+,vuzgmg
yawgfuow:zfnuic+,fvrvvs,moosxf,jnhqnp+,qdvacz+
jiazprya:nnbtuq+,vhucmh,qsnpzj,hccfkx+,mqfshi+

#
# Test comment for user 'jiazprya'
mlbjffmi:aymsye+,bwwequ,kcuzmx,rjlnml+,bzedco+
gvicktfx:xevpwo+,erkrjn,lsvbxs+,dtqnns+,vvvktv
kfbeavka:lodkfs,vvfqkb+,hyyubg+,yadvju+,olvhvz
hqsgbsgm:tkmpnp,zdyyzw,tlforh,ljxtyo+,vtouyv
ttnzvult:xsveva,obeeza,tadhhs+,oajyqw,ofmvuh+
huyfhexa:tbkcmn+,rjbadf+,vmnbag+,yamtga,hirtai+
vliezykb:bsvlcz+,jbfnne,oenrpj,wgtlrn,hyvbdt+
joefwfxn:jnoedc+,inkfat+,ecymrk+,dvbjex,inulni+
abjbfymf:vqdffd,rwnsqv+,darkvd,mgutvg+,vkvbez+
tdftjbiy:yhbcta,rrtsjv,vydvfk+,obanhh,bgnmlf+
wtqkuush:bbobmy+,rhisex,sxddzx+,fabdlb,batfwt+

#
# Test comment for user 'wtqkuush'
cuzhqxok:tpfsbi+,ffbfco,upnzgp,pfaeil,yatlct+

#
# Test comment for user 'cuzhqxok'
vmthyxzf:wbwafl+,tbeyct+,erbnls+,irdrza+,kpuoos
hjnafiym:umbttb,vxwzrt+,zxjrjx+,ivktdr+,mfmgcf
agtfgfty:myekcq+,pdrsvb+,lgctbn+,ryzzbb,igtmcn+
vjnfavia:ytekbu+,wtpfxo+,frazko,beymhv+,dbtxfv
nheriyrl:evbssp+,onttkw,fgfpvx+,arrnpf,ywsnsn
umszgzfd:givgae,knsgoo,kjrtaf,faggtt,rkvhvt+
nffovxuv:jbntrf,lnwmbo,yblvrv,kwmhra+,slgbnj

#
# Test comment for user 'nffovxuv'
hktrnfeh:vcggaq,mnclzv,uafxjx+,rrgqzj+,tlcfnc+

#
# Test comment for user 'hktrnfeh'
boalrtzv:nbnrcd,zfaupf+,prbrep,vtskwb,btryit+
ezyrbrgr:obwsgo,ynecdb+,dcrikw,mtqrhc+,fzempn+

#
# Test comment for user 'ezyrbrgr'
qzjjqnny:fmoycy,nxrhwn+,zwpdfv+,kuehkb,obaopt+
ryidntpk:ontumo,qpzdrv+,kavmmr+,eyaadz,bqsjmg+
rvarirtg:rtbyfm+,sqxvtg,iqlzrn,yfobuo,ukmfdq+
ivbtlija:xqeslp,bygevr,vbqnav+,buzgii,exsbfm+
obpaqcsb:yagbfj+,lasdmj,bhwlzt+,orradh+,frfzoa
japraiis:kasqtm,cjfsov+,dfxsfd,avxpta,mfgfaq+

#
# Test comment for user 'japraiis'
caqrltch:wbqxuu+,pbktgu+,bhyawm+,dtnovd,uvvevt
xkambgvj:ovtbyz,aukpyk+,ynlueg,vxcrdl+,stdiuc
ljnmfpna:gglnff,dauhoh+,ctvlky+,fnvznp,pjgrtl+
ktzgqtvq:rbtbrc+,souhde+,eblbwb+,gjrway,tgvfkj
nnpfdktn:nvhxtr+,yindaf,vuqxfv+,dbcmua+,jftauv
vdujqovv:fmribb+,rvtdqq+,anjvyz,wrcufe,mcepfr
jznprnyf:vipafg,nnxyxa,haptcb,pirkaf,rtvrjz
fprbvrut:htxqcn,cjrzre+,pijtty,amrtvh+,bllvxm
mjzvfyif:ymnrta,fkrirt+,fjcnte,rkiakt+,cfkqti
nzmyfbav:qvbohv+,petuod,lzfckp+,ycunqa,cjvdfp
giybnbdj:ldebrz,sanhbg,rtrvdj,quikiq,ffztrb
xmbangty:oqwwub,vzaufj+,fgtknr+,dtrcxf+,vunxxd+
jovfowpt:gsqhdq,oxvvea,rqbxlf,pwgrrg+,baakum+

#
# Test comment for user 'jovfowpt'
fednllnd:ikrgib+,vrndbw,oflkfa+,gtrrnr,bjivvk
cnkrwejd:pimfnm+,rtffcr+,gfoktq+,qrgthj+,yfaart
nlbcmtkv:avlfbq+,vyaurv,odjgef+,jmmimm,jtzazu
cbgugvbb:fznjpn,wclfuo+,cdfayn,tjthay+,horoww+
uasmfepn:navmvz+,gpjoxb+,jrdkcf,buiuor,iefbug

#
# Test comment for user 'uasmfepn'
fuzdvrnf:bhlxnl+,ixuzxi+,rbyfny,teolia+,cfgxnf

#
# Test comment for user 'fuzdvrnf'
biuaizkq:jitqbh,mbanwt,nzjvnd+,zkboxf+,vnuren+
jdglraqs:rlinsi,yryngx,abivxy,xurwri+,yetetx

#
# Test comment for user 'jdglraqs'
cacaizgs:tbjpqc+,rmonrv+,bljvnr,mcstxd+,znnrye
pojjavht:ahoitn,fcwftd+,zdzmgk+,ckidnn,vofsrv
twvnvdjs:wzpftm,nepyef,rpwlpr,rccavl+,frpuxk+

#
# Test comment for user 'twvnvdjs'
kltavbhp:bamndr+,gvnfvi,jkrbbb+,hiavzh+,fjsrnj+
acjqolke:ebvntb+,kzgjuc+,wnevhm+,ofokzk,lrjwin+
xkforhij:ffbraa,zuirpk,ktmrjt,nfvhfp,scwztl+
bkftivre:zfxmoh+,dmwtdz+,wzspfv+,gupvbj+,nwslap+
ascweevt:grviot,ykyufq,tdgewf+,mtvgkf+,jhbnjt+
gcpvrcvu:dirgvy,gajyrd,uvqbwy+,nvpoay+,yadsdf+
avelrqjx:vhtjcu,cxabgv+,froyrl+,lvzbtv+,egiyig+
tynfvwpb:nybthh,wbrazf+,xilthr,banlfy+,kbtrza
bafbtfoa:kxrura,dkartv+,bjflkn,ogwqbt+,hbqwsb
tcrqdeag:ibntjn+,nyoocu+,skmnfy+,bksmon+,srneek
xogaairl:nifdcv,ehtpde+,auyrfd,hlfdqg,fpbpsb+
bnvrknzc:czohfr,atfvdf+,hibfxa+,gufnyu+,pvsyff
grmmvssk:ttrrpz,davvau,dkqhhn,ngayve,cdthpn
mdodjwnm:fsgbms,vkszjb,xrhuwp,oldvev+,gnczws+

#
# Test comment for user 'mdodjwnm'
fkmabbcv:tvcvpn+,dmfehv,qjckdv,bpduob+,skvkeg+

#
# Test comment for user 'fkmabbcv'
jvdcpyor:afytgy+,yvztqj,iqvjab,tflhxk,wtvejf
jfjttmna:wfwirt+,cozhob+,zmxsux+,ugxlbw+,izjemp+
inngbalt:rleqyz,tnhpnj+,fowltk,fwutom,vantci
sdkiqjtu:mjbdwk,harfep+,rouzbg+,rpltua,xwztio
fsttjbju:efgdnp+,afwkgn+,hhlwsp,ltgxya,rasqvv+
gaamrveb:wdullr,pcpjvz+,bfegjl+,avzmea,iivluz+
qifneput:fozblx+,ivfsvp+,rnvybp+,heoeqa,fxsmvu+
lbtkltdt:tzfjir+,xnvwiy+,ajnbxf+,vjbbda+,aokxwh+
vsubufth:btwhfv,vbbzfz,trqfra,jkcthz,afyfax+
vtvrbcxv:xzepdh+,tuzibr+,kjioaa+,qcuaxp,yvbvhv
xcqtyazy:qzbkyo+,frfeji+,wyhnrg,tdmbio,ecqngt
acrwtrrq:jmrivc+,ifnzdq,enreas,jklatg,tvurnk
rnqabeed:vekjcu+,azzbod+,jintfd+,gutvfz+,bftqar+
ezfteros:brcfix+,ajqhla,kkbebo,rfzbtv,cvwtaz+
fminmoyg:tfgfqv,fbiyvs+,icfujw+,iadbyx+,ormslg
ivnftjur:fdifnn,foirpf,jaxehc+,zxechl+,fxrulc
jnmatyea:nefrin,wbsrdc+,grtvkb,iunkvn,tnrfuk+
vnzrrlfd:ztwrta,qckmog+,zankbn+,tfrjen,bnntaq
rwbiazgs:nfbnhv,tbmiks+,frxbfe+,nxghtp,wrerjo+

#
# Test comment for user 'rwbiazgs'
afegyrkh:lrngcs+,ptnbsb+,kaenqb+,rciyzt,vggdln
haaqpgun:defboi,gmofbc,yzlzbu,xlexaz,ccomyn
mmtmpbtr:ynogxm+,vsbzxk,qjztch,lveqtm,pvevpm
fekfbtnf:frewja+,mzhkrs,dbyebr,qrumnp,vdwttx
redwxabv:pfwaza,ltwijb,aaohlb+,dvfjun,fhuora+
yhxrwusz:pfdnkj+,drfmhw+,brqbtr+,crlzas+,onzseu+
fnqfvupn:dbyrng+,ubvvrb,gzjhvq,honbfr+,ajtuto+
xavgvefj:frvxtk,vbjafn+,uhcuap,simupn+,rhnvfa+
hitqnsvv:kymbey+,prjiwh,byrtwf,vezmez,pmgfen+
nrnqfofi:fffzfv,dbbtrr,teubcs,ofkbmv+,bbkttf+
mayopraw:tlrbpo,cotcbn+,vgbxrw+,nvffxz,wrxdnt
erthjhyg:kvfdpn,abapiq+,zbcopz+,bhfgou+,amxggs+
aqaujwlh:asylbf,nwmniq+,areqvx,itiutk,yxtwmd+
nvtonjbo:zibwrv+,zfovwx,zjqxqr+,ttrbib,ftqvxm+
bbdvrcaf:tvvbcm+,ufeafm+,wqrote,awlnab,fcurbm
nysjjayj:vexrrn,qzvfep+,zbaswy+,jvoaei,kurtcp
ttwnajuh:tfudtg,mbhdnp+,timsrt,pfrnlv,moykoe
wggwowax:qedlwg+,hgnfun,rltjlx,fvgspt,wvwtgw
lscblvyn:walcrr,kbsfwf,gnoyfq,rcywqv,wmauia
elgcfatg:xrpxey+,lvrqry,stlpbd,zrctrt,zftvoi
tpiqxfsi:jnzecf,bbuczt,zoppve,lerbgc,oygblv+
bjcvusvn:mxebab,inhgkb,ayqltj,nupmur,gubvvm+

#
# Test comment for user 'bjcvusvn'
anxebota:vefhjn+,zmaiht,kapoak+,xyfeec+,zngatv+
pasurdwn:uzjbvx,syvfvo+,orsgzq+,ircqaa,muvzet
dhvppbta:wtryrg+,wognkj+,gnatsb,frokvb,rtemrr
grjbluwo:ltrrpn,oxkwik+,acpmdb+,ladbft+,ggehqx
yzrppjjv:rxxcpr+,kxmdkg+,puamkg,omuabc,fbxppx+
vbyrwzaf:hlbqjx,eidvad+,hqlaps+,yatnxb+,icbeyv+

#
# Test comment for user 'vbyrwzaf'
evatdodb:kfrvqg+,ogtolv+,jnbubr,uvabww,bfymrz
aqthyvar:rlqevx+,fyqbvl,vatezm+,rflijy+,hfdziv+
vtnzvsgk:zdurut,paxeqh,rlmgmu,ztvpvw,wcnpel
kkvwsksn:oiritv,nfyocm+,bvtsga,hftagn+,bfzdvv
gbbdtnsm:qyvecb+,nambnx+,panpmb,wwtjrb+,frljub+
rffkbodi:hwvvsz+,isranl,uargwk+,ifvsyt,ttnxhx+

#
# Test comment for user 'rffkbodi'
sfbywafv:ltgzbq,jfbbvd,rcbstw,blazdr+,ntvpok+

#
# Test comment for user 'sfbywafv'
dljwazsb:kffmlt,qklcva+,rzvvmm+,valavl,wgtpas+
npubxvny:yvgfud+,dbvdkr+,ctauap,afaeaa,ehvnvl+

#
# Test comment for user 'npubxvny'
abguniti:eeqfzh+,bbokar,brpvrc+,bnaanx,kradyb
iwvodfrr:njzjno,wbwrbf,tsadaf,nbvlwm+,xblkwr
krplgvxb:jbikgb,ralhlb,gyxcnt+,yrsbnf,tjfnvs+

#
# Test comment for user 'krplgvxb'
kbodkwff:fwrmkn,tnhtrq+,purzzl,ieuakv+,wvqzri
mqtlffmn:fvradx+,cfgzhf+,hvmyjx,epdool,nwiaas+
sxbrtzhh:fwmsfq,rmeacf+,fjknyb,fxavtp+,jtofes+
thvaattt:eqamba,meswcg,bnjvvj+,gsnobj,rfttnu+
ezghnrta:vsgddm,avbzix,mgxflt,cbkjhv+,kicmuj+
mqdqezrc:wockbq+,rbftwf+,vssmvs+,fgnjey+,gwypbm
nplpowda:btzclr,yqdfxy+,amfodg,xvxmgf+,acowja+
asxpyztc:tabdod,gyqtvt,ktjadh+,cxfupp,paoawh
njxbhwnx:fvstbc+,depxid+,qpynca,nxvdrc+,vfyrbc+
kdtnnpxu:krjbfa,tmsffn,pzecsb,makmfu+,ythmfb+
wkavcsbt:gkfwkd,njuuab+,mrrvio,cttrrk+,xbrzmx
jkfsqtey:lvpjvb,upfftf,vdstrt,bncrgi,tdbrcb+
nssbafwf:uhurvv,mmzxvy,eysfkl,fhxzmv,bratmx+
wbvexyfa:wnwabz,iaraix,fsbvrg+,kfvpfn+,jpchfq
dgvsbrie:qfmsat,bxatph+,jxazpr+,bfhrtt+,nmtrgt+
ltringdj:lnedmn,rticvs,bgpmnr+,rlbvbj,lcfnns+
lvmpvnow:bffccf,nuwpwx+,obiehf+,totsvg+,qyygir+

#
# Test comment for user 'lvmpvnow'
mrfnfbyy:cbdbfk+,rlymxu,fikcai+,oadzik,aknwxw+
nbutuini:ilarnn,sxudac+,yxyjwb+,ocytzf,ykyinm+

#
# Test comment for user 'nbutuini'
lqdsthuf:lihveg,xrofzj+,pshpab+,abthgj,qlrkho+
eatbqzru:krhwjd,nskfmb+,jtfnjr,flsprp,kfnjsb
kxrgvbnq:kxfpsf,qmtinj+,vvnlbg,sxrsbm+,egvbzg+
fxwrlmag:swfnob+,fniffr,xtffrg,gdtfvc+,pmueaz
pbusntry:deyrvu,ukqlij,ttbnjb+,nbpgcl,pzagvr+
rvcxabcr:acnxlo,rtvcnw,rppfff+,bnarkn+,bescmw+
romghjxe:yjombm+,bxnvfu+,rtoizl,yrfmna+,tzbvvv

#
# Test comment for user 'romghjxe'
awnghfhj:vprtyb+,afzrab+,rjyjge,oqrzhs,abhtvv
onmswixb:odnoww+,lbvvvm,dswokv+,rvfkbx+,ntdjhp+
pbffvwdn:ymrfjt,tcyaav,qeinox+,mibboq,kttbov
yrevkuut:hiubtv+,lgykos,pjecih,rauvao,tkalyf+
ynspfabb:txbafn+,erfdbn,ahseou,nvcbcn+,tpjvpc
jchjqmfa:yqrxwk,izqtcw+,hupnle,oiaaae+,slwlso+
iooeodbe:ckoqpb+,bzcscc,cpaftu+,lnqtrq+,oycytc+

#
# Test comment for user 'iooeodbe'
krmbvuqr:aranrz,nfkqyi+,xetabk+,niwnfh,tvuwft+
mrvcdzkf:hoqhvb,vfmuqf,trbvns+,uxxdhg+,fgcvta+
ssnqalth:ufrzfj+,zmobpv,anmyqt,rwqtib,bjrdmo
umgjwpvd:fwfovo,vndevb,qjazbo+,fbgrhd,atuffn
jlrcaadd:evzrmd+,bbdrjv,ylvweh,sssfan,bvbimz+
mofpajrz:brnsxq+,aalafh,vfflnf,ldvmya,kexbxr
rwveebns:xwrqdn+,oyryzd+,kjffis+,zcvnpx,sywkui
ydvplnki:tsyniw+,gjymut,fwauiu+,mvimnk,nabckf
wytuzukt:kafdrs+,nubveb+,zfibqi,lbjgfy+,zxdqvq+
empvvvrb:rkhycn,mmtogb+,gmiqkj+,ubvpox,fnssav+
baqlgmbv:czxucr+,olactn+,axdtbu,veghjp+,horiiv+
tnbhemhw:pptbgh+,rzswkz,btpvtx,hemvmw+,invbaw
aubkvzfy:wjqzyb,malnva+,rijjdy,fzkxfb,qfotvr+
gczlabhi:bwfnbl+,mmaktz,cbdate+,cfjutx+,zcfazt+
fotqwjnt:fgwfnl,nfvvgf+,brltbd,voxfli,itfywf
bpqmmaya:svaddd,xtpctm,fntspw,hsktxr,lbpcga
obidmxyv:jjncrb,fetyvt,qqtxzz+,bshhpk+,ufctte+
wstvlozc:tgumro,fsrxnl+,wslevc,yaevjn,paxnvw+

#
# Test comment for user 'wstvlozc'
xbbdxukn:undzzt+,vabwvc+,irvedm+,cigqah,hmfryh
rtldiaar:kvtumq+,wgdahc,travis+,bhzyte+,bvrudp+
tjdvrvyz:ljdbyn+,fonkfd+,tlkban+,asezwp+,tgzwwm
fzjzjntb:ebrfve+,vapbia,ckvrnn+,fuklvi,cmahny
lxnlrrrl:phijad+,priqae,okmlar,ciivjb,reibwa

#
# Test comment for user 'lxnlrrrl'
uesvixeu:fzhdbc+,ktzqys+,fwllxw+,eaaims+,wehgxa+

#
# Test comment for user 'uesvixeu'
qlekvtzg:xbcvxi,xatozz+,cqzfkl+,qnepgb,pevgil+
cahxnfbu:mcyqcl,cnjaqf,rjaqbo,eokvrp+,rzntya+
bqynvckn:vrdnuh+,fvbffg+,fxozuk,jbvggi,auzrgf+
obdhfrfe:kbqavf,ueikfm+,rmabvt+,nrsjin+,bevssg

#
# Test comment for user 'obdhfrfe'
qttksepn:iqrtqb+,xjtnqm,flkrbv,xmojlc+,qtnktt+
aiypuzvi:tpbhkn+,qtsrvi,avtver,rcywjt+,siqgps
tbrnuzfa:kmlhpm,ufrhnw+,fakprv,rvbjji,kuhuep+
aaamvabj:jolirv,orvvnx+,jshgpg+,quqfzh,niftbl+
tbzrdmbh:rsacja,rvsfkf+,nmwwmh,jaxrtn,vqtnpo
rwgriivz:qtllgv+,ygjfer+,utdirv,eafyra,kreobq+
gthjvyqb:rbrerz+,cncbbf,pujcym+,uzmdxr+,vemubv
ufvxkfby:kaktah+,rbrwmy+,jtntah+,rsvdyo,jqljph+
rovselul:eitval+,nrnahn+,bxkjfz+,zbcegc+,xfkxzi
txsasven:nnbkvo+,dwtzkn+,zbamwa,zwapkn+,fabpxy+
alekqcxo:bgxtvg,bazwsp,fttrdv,yftrqa+,mcwagw
ytastbrv:vynnvq,gbmetj,nnirzj+,ztaalf+,rutilx
rqahrlaw:ypryad,nnkvfu+,wngspi+,frxyis+,dsvany+
loxkkcrf:bnrcwb,rfbgrh,crgozd+,bngpms,ombagu
vuymahob:rfcvjv,vxftcx+,bbsdmv,djfqhz,vcrvzm
btcdvkuk:xhgpvh+,pokfvt+,rvtfel+,jzvybf+,acvsqt
tpjhefma:hfxrjg+,ntvagv+,ifbmiy,yfbygc,keljft+
jexwlnwo:rfvjvk+,cnyrwf,axmwnm+,crlqnb+,brrvem+
pqarbuxq:xdsfun,xfzagr,oaufbb+,jptffm,dtuoct
pspqdjrv:elcrue+,ryujki+,bhanmx,tnfpvn,erxxfx
pasnehvk:cnutdw+,vtbhtk+,vdfneq,sfzesf,mlbddh+
htqaivvt:uaibrg,arbazb+,ounahr+,uhvyrp+,wbwhgr
wcimatrd:adukqg+,xbfnnp,chzcwx,btmfvj,vdyvif
jtcyhmvb:qiyyas+,sahnov,kabebd,tlybaj+,tyadvg
cauizqll:mnttnh,giuuex,jyvyzd,trfxrf+,mnvlws
kfkvoveh:bqfrpa+,kjksjx+,bzdjsu+,oxrkfx,gjdarr+
yhiroznh:bvdcef+,homllx,vackyp+,ziaavq+,qtlerw
wvgjlfmf:yvxhfj,fduabs,ewwarf+,xrtblb,foumev+
rvunrecm:dhhbjb,ntspwn,xmbobv,dkflgt+,pqndbq
oeingynw:pyhghr+,iinnvf+,tbpffh+,bfrsbv,cyqvoq+
tgrqbtfp:lyptlw+,hsttln,nqjkfb,adfkmw+,svuiig+
zgxnmnvy:kpwqra+,iblsgt,pcvvow+,pveawv+,aobfxe+
agyjsbas:asgrru+,sligbk,frqbif+,gnlgaa+,grtegh+
oztagnse:tcsvnw,noyqsl,regvrn,jvntbj,absyxn
vqwnujfa:qbpokp+,juswbd,vhhyyv,zldioy,vkbphh+
epoahenk:rocmpq+,seytgx,pyhhhk+,yicjvb,btjdrt+
egguetil:gaqykp,uouiaf,nstrrt+,pidgqc,rauzfj+
weykdyen:hcgwqr,gluonk+,hgtjln+,auputx,vgtbfi
pvnntazj:rwpkyz,biuifv+,bivvfn+,frmnkb,haabzn
nkrsbtou:hcgkxp,deiyfw+,ybyrpe,gjelth,lvihtb+
jnayadbn:nboooi+,mirpav+,ntqxha,gaaqaa+,drvsfz+
tdwfemsr:fwajqj,eyaavz,ntlxab,tnlrxm+,eswdid
nbbrrxgc:btqdst+,krlhrs,rdvtrx,mmbkty+,vvxxyj+
advlbcfk:efxcky,feyefv,ebvivv,vrzyyi+,xhwlch+

#
# Test comment for user 'advlbcfk'
ijtfmapa:ngbfci+,tnvgme+,mazgyb+,bfaatg+,lgtdfy
luafeizc:xfvdtd,jiwbgf+,cxxrid,uypjrr,bfrikq
xzjskgvw:erwzfv+,xcvnun,fixvbb,shfdcg,ercdtf
rybaabdt:mejpug,xsmlns,kxmggm,cnyonq+,ncflfv+
couedvlr:rvldnn+,rwltyb+,dbkrde+,lvnvny,hatbaj
wgowrbul:bcvibt,bzmqtv+,lujksq,bqttcv+,ymtcln
fhnfczvn:qbnqkd+,aqplgr,njkeqo+,wbssax+,fauiqa+

#
# Test comment for user 'fhnfczvn'
lhgnpurr:txbbbz+,repfry,bknnat+,ervsfh,hkecky
ntbyitlw:saftya+,pcwbtk+,rsvbfr,zwegqt,ezqylr+
jkajffmn:ctfsfl+,smghgb,qvwqir,aasxng,aufxnz

#
# Test comment for user 'jkajffmn'
zdntfiua:atqtfe,inktrk,pozflz+,zapfyy,dnvmfy+
zvlateap:omsofr+,gwrang+,cjyzoi,jwtnbd,fpgtfk
trowdabf:offjac,vvylfa+,txgmvs,gsxufm,hcvcwz+
gjxykwij:nvtfcq,bsasnq+,gtvmab,oeefgb+,qjphag+
vamxvjrl:jflptu,xoblwv,pbvemt,svzkhd,admwpq
hwmvbnun:noebyf+,yglonp+,xzvwfv+,uoyboo,nvcdto+
byfpayub:axvoky,cfbnpg,dgprmh+,mxxpab,axtepi
muoxbdou:aymnby,wrarss,yrshjj,kfltkz,rvprvl+
vbqnivmp:vybmdh,bmqnbt,prvhmw,rivfbs,ensrdy
ctfwbgvw:vprojg+,rwrett,ybpuam,rzurzv+,zuamuz

#
# Test comment for user 'ctfwbgvw'
kqtzvnnj:umddrr+,zftvha+,afzfoq+,yxkxon,rqftim
aodaktfs:aztevh+,wzfvik,tbvxsl+,knqcqt,mnaptg+
shfhaojc:mhqnua+,ytsndc+,rqmnyf+,fbroda,jumyqy
ofpzgngy:roktvo,yyarvz+,axavpf+,aeyuya,qartvn+
cgjwaavf:tdnjhb,ejvrfh+,qxdfxs+,jveanp+,bduyca+
lfbvlrpa:tyilqe,ygiwaw+,ecvdhi,bbexnl,irexbe
hrdvxovt:anennn+,osimwf,vituga+,dfrrbf,arobnf+
fnnwazur:hdmasv,ytfdhz,wpzopm,wdzqfw,vassyg+
jqzydbcl:dcnrrr,wnltru,krvfxg+,vdftdr,tvlvfl
ksnrpfmd:bplndu,aytxtq+,bkqvgs,arjlal,drwair
rvnnrdvf:gfepxl+,fgupvl+,blursw+,abrjwl,bnmyqz+
vreiaxvs:zkwbvd+,rvbtrt,fvkqdg+,soevrp+,vjwzfn+
pszjqbyk:erdctj,mwlyoo,jlxifc,srbvbc+,tidfdo+
dctlbijl:tnzkah+,ztxvsa+,zmjzcn+,tzsjti,yjmpda
ygflgwvf:mxiatr+,nzitki,auchvq+,nvyrak,feabht+
ztflfzxt:zrxyoc,ztbfjz,zlbpqk+,jogfgm,vdsstl+
kswzrbxt:rgrwfh,ftfsgz,irahlu+,zgouke+,zbgmln+
tqvytheu:xdahsy+,jvrcnj+,fbvffn+,owqvkn,qwfctn
taebhtlr:yxqcfs,hlzqdi+,brmvnm+,tyjmkg,khtfmh+
tbcnkasi:xrrfyw+,nldarq,snsbbb,hvfeln+,dvlbpj+
qtbfbysh:ingyxw+,dnujmt+,rnafta,givspz+,vrwadj+
znbwkbbh:nvwvqr,iblqte+,kzifeo+,xiwwfp,nbzxnz+
jwiftgfv:wgzrhg,bpfkuv+,cnfsng+,ejrzoe+,nvhabf
tlskcwfv:dcbhtv+,rtjbfr,btfvmu+,tfvtih,kwgtyd+
vnbrnfpv:jyszcf,tzizuj+,ltnniy+,umnmrv,frmutf+
qaerkvcr:mnrgrh+,nnvjla+,sbikoi,bfvlbj,tbgcte+

#
# Test comment for user 'qaerkvcr'
xianahgh:hazarr+,wiccfn+,xtotdd+,nhfgco+,qzgfqz
fiylncrp:tqvubj+,igasix+,daaidg,llabub,bxppjc
akbvtwam:tgyndg+,whtfhz+,guuuby+,djdzvu+,eorttt

#
# Test comment for user 'akbvtwam'
pgovgsjw:dlnwyv,vqfzux+,givfgr,oxpyif,fsdpcc
qbvizrpb:tnflek,gklvjl,mvgoqu,tmtedd+,aycrtr+

#
# Test comment for user 'qbvizrpb'
trbtgyka:lwpaqd+,snmewb,zdvahi,yvmflm,nhqnjx+
rzyumxqa:vnygru,wgbfrs,mjbtyb+,fcslbx,thnawp
azcvscea:zxntwy,afgtni+,imsyna,rwwmwy,gfpcar
mafdkgex:rfisid+,snzsva,eonfbw,ocaotf+,jzzuvj
nlbyvffb:anxjrn,dzamvy,itgoiz,xarika+,nzmixt+
nqtiinnc:jtldbs,jtpctc,frvazf,dhrfbq,bczagb

#
# Test comment for user 'nqtiinnc'
tbabznrw:rzotid+,ahpvnr+,tnfanh+,xzlktj+,fjltrh+
bmvkgeqf:hnknsx,avihto+,fpfgpe,gvryrb+,kgtgey+
mabplvri:nvsmbt+,nfffiz+,nfunzr+,defuix+,sbeyif+
divgdfbn:xevfvx,mqoogs+,fbqydv+,nvvxjz,ehnavm
qynbanda:bisstb+,govdtw,umcuol,etchzy,uanuup

#
# Test comment for user 'qynbanda'
fomepkjh:hbzixn+,srirlv,hralhn+,ufaybn,ejcpax+
rmnkhboc:fabbra,thrbvh+,gfqmab+,nzmgoi+,fphtvn
bnhaythc:srcfjv+,bgojza+,axluzz,rsfoxz+,nqjajq
mwvsinju:nzrzab,vupvvs+,ablzaf+,bfuyib+,hhfszd
nehptkeb:fabtfa,zfufiy,juhkhh+,aipubf,waryxf+
biafgxoc:ybrmhp,woebhl,stzhbk,xqbisq,ligdik
tuvnatld:rrquab,fdvarl+,anrive,plgxzn,rnocpf+

#
# Test comment for user 'tuvnatld'
nqfuponr:ynxmaa+,znmkef+,oyuyil,vtrvir+,vplntr
edbpfzvp:fyhkhk,mitjmg+,remzrn,prtvmh+,zlxpwr+
prbpyubv:tavrrd+,fepcrh,atyvro,xrtdfw,frbdnd+
lftzfdrj:ztbize+,graobd,lmhhwz+,rbsaoy+,nmyoff+
nrqrknnv:fewnly+,ttcviu,qdbtvv+,bfslnr+,pbyezg+
oswpizlw:dffnna+,dnbgrw,nurfsz,wlkaac,penytn+

#
# Test comment for user 'oswpizlw'
vaetayob:nqojyz,obhvva,cnfgvj,suaern+,yjntvf
tamnfbev:bibqid,xzfygn+,fsfmtn+,ihnjsa+,bvgvok

#
# Test comment for user 'tamnfbev'
epnslgka:jnrevn+,csfkri,jravbv+,llbunb+,zyoeqo
namjglhq:mmhbfe+,nvremp+,trblmg+,uvabhj,darmnn

#
# Test comment for user 'namjglhq'
ukumhtcl:ajwoyt+,zpyuqz+,grbekv,moxmpr+,xazvva+

#
# Test comment for user 'ukumhtcl'
beajnsna:yelwzc+,hcqrrt+,hxnvqb,btzych,qhtbyo+
zrfubexe:blrsmn,bjxkzi,bbrnar,nhravt+,rntffe+
onsevwuw:bbbabo+,zcgqbv,liazpp,uxnzkv,zvvgug+
rltgnfah:mbdbva+,gtlbrt,lxtqmb+,enqdsq,ueetri+
liezcdht:paqmaj+,vkfosw,sqzebq,wrcreb,yfwubr
bbxjrrpv:cndebe,ajxydu+,itgklc,bwebgm+,sqqrhv

#
# Test comment for user 'bbxjrrpv'
yvctsfka:tobkun,bnaaco,wvrysr,orbjxw+,sjqnnt+

#
# Test comment for user 'yvctsfka'
rrnffbny:zbotay+,avtpew+,vtvtsh,arnude,vbtdit
kxndznov:zxgvrd,tnjrjh,scaact,bupnnj,rdbzan+
bphbhxlq:amexiz,xqxdon,vkdomv,dogtct+,udfyan
affjhejb:baenhg+,vmkqml+,stncur,ovjbur+,bhrbtr
puervife:jjllkx+,amggho,xbyrur+,wvpvgb,hgrbat
fhattrnn:tztdhl,vqbsvy+,nnutvp,gchdjf+,jwxxhg
rbnifbfs:gvwunv,thcfnh,obsvfe+,abmvjt+,cfhrww
kbjkbjwb:acctko,juffgc,qlinnd+,btzocn,detiql+
higczxrn:wgdvth,ejmast+,ffbxih+,onobas+,vcibrl+
ubyttvdu:fjtrtr+,dklrel+,ickmhn,rzpsvw,momfur+
ufjbfcly:xflpge+,vrafxj,rcbqsz,fvckut,dgyxxs
prfauwnv:vrrtbe+,gjkvln+,qfrpvr,wtbliq,ahbklc+
hmsjphfr:trfubq,ajhydh,ytfkst+,pmyyfb+,raadmk+
hvcfaggr:wvcapj+,quoctr,xwbnhr,fxwcso+,aeluvi+
zeoamunv:wofbtv+,jmcake+,vaxwqg,bbwgcr+,vfisiy
rgivjfeg:lfvfpa+,tpaviy,biaiml+,vndcaq,araptd
bneahnuy:awhtsp,kbupnl+,cuzblb,akckdf+,dqarcv
trqrrbfn:vyyrxv+,npjpue,zktkln,gglnib,orjrup
mjdbrtvv:eacjul,flsval+,flalqr+,aucqge+,vzhmph+
ngxcdnwq:pyszng,snzmbt,lekeud+,ddltdk+,tcnyan
eukviavf:fjrwzs+,ersaug,xafsba,fgffbo+,kseruf
crpenrpm:hrzyfz+,nhfjrg+,qtpkvb,iuynbh+,vvkhpk+
rfiaffqv:hzghft,wataxa+,rnpvst,pyemvc,zwafbs

#
# Test comment for user 'rfiaffqv'
pcmgnmco:itkwjs+,sgxxtq+,yvqxta+,zlfolt,fzjrvv
nfmovyin:lbynet,ogvdoe,hhlxtk,foklrf+,lugclf
errdtjxs:tvnntp+,ukjyyn,roxtnb+,hbqefk,tmcroz
bdftqyth:nsggev+,nelmsd+,nsxlgr+,vnqjoy+,bnqevf
lufxalgb:ctqmtt,ripegi,mfqerp+,afztox,aaxvnr+
nuldapqa:nwjxbo+,mbrzbt+,zwthlv+,wumegf+,alhtaf
dsqqdair:lqkufb+,okdhvz,tjfnpa,unamcx,vocgrf

#
# Test comment for user 'dsqqdair'
qdvwfjno:yssyth,abhqbj+,bdtodc+,vzmrvn+,hhkjfx+
uokejnmb:rphpno+,fybfte,bgbton+,lphvux,jcanrv
fkqmgdru:mlbwne+,nxuhbd+,syzkbv+,swrkac,cnrgoq+
uufsqyin:kfotft,rdlbum,tufepe,hnrdwb,lqrmqq
adhsdspt:mrfqim,fgwwvr+,ryfhmp+,tfwiuw,xzllkn+
efwattgi:bgrlct,mnmctr+,flivnv,jpqrkh+,fwlmng
kkbwazjz:tqxpak,vxbdxo+,ekvwra,yjshgs,wfemkn
hnrietqh:nburre,xhftbw,jbaqna+,evkfwy+,zmwjew+

#
# Test comment for user 'hnrietqh'
vtbueaxn:qrzqfa+,aompps+,ryitmt,brwmcb+,xjbguj+
nddautkf:asugrl,buwwbj,azmhyn,jbzatv,coorcg+
gaatwfgf:bfysbd,ayxvyn,pvltfu,wbdrzm+,mrfipx
wrqkfzam:tmgjbv+,ntjure,wsjblp,oenrrr+,aswoue
ntrhtrtv:vfslos+,shlbbx,oisaap+,rofacs+,ngwrua
fwjpnwpu:gpnxfa+,crgaze+,tixvyb,bcrswf,injirz+
ebavtree:vlqlay,kbhtgx+,jtkpdz+,watvrn+,aavawm
dfzrpqnc:rnfvfi,qcfbnc,tnhjsg,gtgrtj+,kfaxvn+
qubtediz:kakpjm,xhrtfm+,qttqmr,ohqjbj,fhulzc+
nkdivqwv:clmjvf+,ooahvf+,blwaez,eeabtv,gnzkbt+
hqukxjva:fskjvf,wzdpgp+,ppaonr+,vgnlqr,aaeqzf+
vatijswv:ybwons+,tfrfcv+,obfbdu,thvjpx,nvswxc
qtvlgpfc:amliue,wqypyn,eavzem+,bksnlg+,nwngrf
vtdzumku:rrvzbs,ynzcav+,ahoupu+,axaxwl+,iidrkb+

#
# Test comment for user 'vtdzumku'
pipdznni:nvbsqr+,lotbfa+,waroqt,hlbbhg+,idolla+
ruazdoea:ipcmvx,mcskff+,arttff+,jfxrsx+,rnmuef
prfpgyna:brvxht+,vasppd+,pisfgd+,onautx+,hiznba
zhjerraw:rnnhac,oanprr+,cjtfpd,fcinwm,potfbe+
aigfdpej:vdumit,ltuaey,rrvwzw+,xrebbb+,gqnnth
xdygriav:welyrm,xhrluf+,zaauhu,fzazof+,jfolui
xmxlslqr:qktoih+,ecltgd,kamtky+,txdaww+,mncimp+
jhdpfwfq:gdirdx,fxxnuf,xlgmni,xcejba,tafwvc+
luqqthbw:yfvbcl+,lfmbnz+,tfbbwp+,sxabye+,tyipub+
diadbnjb:tcvrxw,vsvrmf+,zycthy+,lkoqnk,nejfqa+
wxqapumf:fbarar+,tunaay+,vmvdfq+,qbaykn+,fzfdil

#
# Test comment for user 'wxqapumf'
tcklvcty:lqhhii,vksdrs+,zfktvr,mgqiak+,tbvmnc+
umqabhwm:bzjxvr,botxav+,oifxlr+,vbuazc,ibjtdb+
tankixlu:kbbfzr+,nbuzfr+,ltvvbf+,nhcguw,mnlfoy
agmncwto:bbovtn,arzfmt,yqnayq+,isrvtl,frennn

#
# Test comment for user 'agmncwto'
wyqkxgfb:borfgs,ttofri,ykfwtm+,vbdnak+,xgpakr
acstgwrg:gqtvhm,efbvfl,jmxuta,wbsrwa+,nranhz+
rbrvbgfp:pyfanl+,xaqmhn,zajwaq,vyhzfo,bcasnt
zahusaaf:tzbwsa+,tvgmbl+,zfacfw,htfsde+,taovdb
pjbxavbm:robbfc,grvwel+,cufazg,qgtkqy+,trnqxu+
nedfivbc:tovtqr,wcsjrz,fvbkkx+,stjjud+,ftezrv
cojnbofb:lnrngo,zicptn+,npkchw,ddagmg+,xtjbym+
bcvmyula:vbfswm,kyiunq,bmntbm+,kuzlwa+,hgfmso
hkfedpkg:kfqjke+,pribfc+,arplmt+,qnddvi+,xcvtor+
zfndcgpb:cliino,hvrdeq+,ctyfnh+,yjtfvu,vnuiwe+
nwncipno:neziub,jhjnfk,itdcmf,ogmcdf,fvacdd
wbaklafm:vpakrk,lndjyo,hfrfbn+,qtfqxh,tqbsqt
prczffbl:nonrla,hwtctf+,lnwuwr,ovmrvk+,ddtqce
utsrivap:kjetlp+,jxeblb,fcvoxf+,vknoay,bjvpsp+
pjzdxfua:dwttis+,tdvngy,enturw,tckxat+,wldfrz+

#
# Test comment for user 'pjzdxfua'
xnyfavqn:nubwrz+,uubjlf+,hwnusb+,roolvk+,rmvaff+
fxelyuna:oyiajf,ybodxn+,shakyq,xostxp+,yerydx+
fggutrok:tevqjo+,mfxsaf,waggas+,isverb+,bsmrky+

#
# Test comment for user 'fggutrok'
cjsaitgp:tntjox+,vlrbui+,apaups+,kxvfmh+,bnvfff+
mmdvkrmw:frifrg,ybmgdw+,epqmlg+,vvvynn+,nqfrso+
aaxlnlyg:fgavrr,akabbx+,tvptrv+,hlfjnn,ltfqkv
pfvtgfrr:bjiijo,fkahhl,rnjqxd,oahnsb+,zbgthf+
zndbftvl:canbkb+,albadn+,dnunzc+,tbqlgf+,zsprfh
hapfrlun:htwnlc,vdmlrr+,bdvcti+,tyilht+,aazrcy
tgzvtnfo:baxtjv+,cbrmpr+,cbvshi,ubkuvo+,kbrfbj
pxpwatsz:rpzleo+,bmmzvt+,habrjc+,tgynpu+,fbzhiz+

#
# Test comment for user 'pxpwatsz'
unbygovc:znrzpp+,bubwjv+,nplgkf+,dcqxbt,nmqnzr
sjewcfld:htpvdw,ttlzeb+,sbacfc+,nfkrny,ruttdn+
aufcflbw:eltitn+,iherpf,glppnr+,sgypuh+,pprwfc
akvvaoey:nubilx+,ybdxhj+,wduflu,yhiawx,hssrme+
ffbzromd:lpiaqd,vvnbtc,jhexnl,ltfrey+,gvtzrq+
nonnghtk:jqircu,gkqtvv,ltmvaf+,trljby,zvirje
lisvtnxl:ctqzbp+,bsbngg+,falmak+,eunvze+,vundvq+
tasjxtrr:bpnxsk,tfnxrn+,tnaafc,cpfzbc,avvnxk+
yuifcami:trfkkj+,jitben+,hezhyt+,kpjfgn+,ruzcsw
pdbdmxtr:krvqgr+,kyftbb+,oclaab+,xlnhrn+,dbrnrf+
btbsdaim:yvbesq,birwbt+,tqtbsp,rzqrtt,vjpgok+
svgtavaq:drzxdv+,crvrhd,eiunpv,venupf,fruenp+
bqjvnulq:gibqnx,bkdbvf+,exynnn+,nhhamr+,tsdttf+
fjndepms:autqfn+,habntu+,facgzq,fwpeiu+,abjdtc+
vluibnlx:lctvln,zezakb,arveao+,ctcqzj,eaeirb
cvcrlmne:qwsxbu,skaldo+,jtvult,nvtnrg,thvkdn+
nkicdahv:bltjun,dwmtcb,rtcsqy+,zmkbmy,lvltva+
takyetck:qgqrff+,fdadfc+,vnbdrk,cacpxw,refohr+
ebbftazr:ndpfyu,rsqtvh+,bdtmgv,fvjvhn,fvlpyz
bnafrqru:kbjdwd+,fjzlpe,vgonqs+,ebtomf,zyhvuq+
bypqamou:vleyla,thfihd+,tqdbnc+,azrypz,lbibha
ioaicfzv:akvffb,zbfvvn,voqceo,eriwpp+,asvdzc
zvbnrlgq:wrpstb+,pbduri+,sdfbrk+,qgrlta,ypfdwd
dfsntqfb:utlulu,vxpshz+,yoqney,slafut,gttsrv
helffwpm:nksxlh+,ldntyp,syaeff,bbyvdo,ljgujo
xwnblmny:abjwje+,bjmfhg+,bftemh+,tibmrr+,pdtnen
ogzxjbqr:rnvjzr+,gnijtn+,mrldvs+,nucrqr+,irwdae
tlymsbuk:uixanc+,htthrt,msitfz+,cnhfbm,ydfakc+
sevhsblb:zdftof,msgkoz,bxcnyv+,wafugj,lhtnsw
qckflwma:goivap,rgtiws,fjtbbs,wdatfs,qaaqoe+
geiatkzh:evrhwa,kefntm,dsbsyg+,tugora,upnjvf+
jlsegthr:hgpcbb+,ttsyav+,apavqr+,xrzfux,nprzgl

#
# Test comment for user 'jlsegthr'
tbbnkwbu:avzpzk,jpuejt+,vmsncg,nnatab+,hmburl+
clblvalc:ohusli+,ortrky,aafuva,refsnd,vlobbf
oycdavbf:kalrmj+,nenmpn+,rgwetb,qbklzc+,gebcfj

#
# Test comment for user 'oycdavbf'
myxdwitn:tiobdo+,zwviex,qazvtp+,nmftnc,wmcbam+
tshnzabv:pxataf,vawkub+,hqvqof+,xntxbj,tantpn+
ytftnfnq:tknael+,zaenkt+,autcxf,alwfkg,dqabka+
bbcujijn:hhshur+,nbbaac,qqjwgn,nndfar+,opjnvf
gsrcvuqe:ravtbr,jbfrnw,ejfbwq,kbvtcm+,snqvrs
wnzvuznt:vhattw,ixiagv,zwadvx+,rnbvcu+,rdplwv+
dquhxcns:wnuvnf+,tqxgef+,hafqat+,eaarfi+,ttroaa+
uxmfylmf:gwbamb,lnrpmn,nwvabb,gcrdln+,ncayvr+
topbnvps:ybvwrt+,gfzgub+,ouwitb,vpbdfg,ylvnrx+

#
# Test comment for user 'topbnvps'
aeyjvmno:rbnzrv+,tzvqrh,hgpbnk,ecvnrn+,vgkvgx+
srwlvtsg:afxiay+,ntslpy+,uapiac,qvawah+,ksswoo
hrffftbv:ayerka+,afufko,drlbta,zltckm,vkipia+
fpcdpbzq:vryvph,mvwiax,rtaxqt,fzukvw,fqdacf
vnqkqfpf:bfkuwv+,tgracs,orbybr,arfjjn,hhvtbf
aokuyanm:yxqdvb+,flrvwk+,ncwcvi+,rvintn+,fzcaif+
ifznbrck:tgvvbb+,urvnqa+,tzkztt,rfrovw,nthwfo+

#
# Test comment for user 'ifznbrck'
btggphba:bvhzft+,gbglkl,fcyplm+,rgunvt+,nxrvcc
lhafjfxv:affgry+,onyvrx,drnjnu+,vvtjuv+,xvlzbk
einooigc:lhvfam+,vfnttq+,fyafic,gwhckv+,ktulds
rabwasam:jptabd,kluvvn+,iqapfu+,qnrqsz,ybizzr
ycluanfb:ksnktf+,rzbqrv,mvryxv+,rymyat,pgrbqs+
ebmauaur:gtwtgc+,zvoodf,zlvxin,zcajzw,fargag
jbtrvbbq:qbpjmr,lzvdjk+,iffrgy+,czrtja+,qeeqkf+
rlhskfas:ffzblg+,nncfak,mewoab,eviahb,vrntwe

#
# Test comment for user 'rlhskfas'
bnahhtgn:tuvvwm,bmlfbq,lettnk+,gftscb,mcfrrd+
urldbwkw:chnfna+,vbenfs+,ebmrpp+,pyaply+,jtbcfq+
